// Jest Snapshot v1, https://goo.gl/fbAQLP

exports[`<RedirectAuth /> should render correctly 1`] = `
<BrowserRouter>
  <div>
    <AuthButton />
    <ul>
      <li>
        <Link
          to="/public"
        >
          Public Page
        </Link>
      </li>
      <li>
        <Link
          to="/protected"
        >
          Protected Page
        </Link>
      </li>
    </ul>
    <Switch>
      <Route
        path="/public"
      >
        <PublicPage />
      </Route>
      <Route
        path="/login"
      >
        <LoginPage />
      </Route>
      <PrivateRoute
        path="/protected"
      >
        <ProtectedPage />
      </PrivateRoute>
    </Switch>
  </div>
</BrowserRouter>
`;
